// Jest Snapshot v1, https://goo.gl/fbAQLP

exports[`ManagerDetails renders correctly 1`] = `undefined`;
