// Jest Snapshot v1, https://goo.gl/fbAQLP

exports[`PieChart renders correctly 1`] = `undefined`;
