// Jest Snapshot v1, https://goo.gl/fbAQLP

exports[`TimeSpend renders correctly 1`] = `undefined`;
